app/b/[slug]/page.tsx(533,45): error TS2345: Argument of type '"menu"' is not assignable to parameter of type 'SetStateAction<"about" | "book">'.
app/b/[slug]/page.tsx(535,19): error TS2367: This comparison appears to be unintentional because the types '"about" | "book"' and '"menu"' have no overlap.
app/b/[slug]/page.tsx(544,45): error TS2345: Argument of type '"gallery"' is not assignable to parameter of type 'SetStateAction<"about" | "book">'.
app/b/[slug]/page.tsx(546,19): error TS2367: This comparison appears to be unintentional because the types '"about" | "book"' and '"gallery"' have no overlap.
app/b/[slug]/page.tsx(882,26): error TS2367: This comparison appears to be unintentional because the types '"about" | "book"' and '"menu"' have no overlap.
app/b/[slug]/page.tsx(928,26): error TS2367: This comparison appears to be unintentional because the types '"about" | "book"' and '"gallery"' have no overlap.
app/b/[slug]/page.tsx(936,48): error TS2339: Property 'gallery' does not exist on type 'BranchData'.
components/restaurant/customer/tabs/booking-tab.tsx(198,21): error TS2322: Type '(id: string | null) => void' is not assignable to type '(id: string | string[] | null, shiftKey?: boolean | undefined) => void'.
  Types of parameters 'id' and 'id' are incompatible.
    Type 'string | string[] | null' is not assignable to type 'string | null'.
      Type 'string[]' is not assignable to type 'string'.
components/restaurant/floor-plan-canvas.tsx(133,7): error TS2722: Cannot invoke an object which is possibly 'undefined'.
components/restaurant/floor-plan-canvas.tsx(499,37): error TS2345: Argument of type 'DragEvent<Element>' is not assignable to parameter of type 'React.PointerEvent<Element> | PointerEvent'.
  Type 'DragEvent<Element>' is missing the following properties from type 'PointerEvent<Element>': pointerId, pressure, tangentialPressure, tiltX, and 6 more.
components/restaurant/floor-plan-sidebar.tsx(207,14): error TS2741: Property 'onClick' is missing in type '{ children: Element; label: string; payload: { category: string; type: string; width: number; height: number; }; }' but required in type '{ label?: string | undefined; payload: object; onClick: () => void; children: ReactNode; }'.
components/restaurant/floor-plan-sidebar.tsx(210,14): error TS2741: Property 'onClick' is missing in type '{ children: Element; label: string; payload: { category: string; type: string; width: number; height: number; }; }' but required in type '{ label?: string | undefined; payload: object; onClick: () => void; children: ReactNode; }'.
components/restaurant/floor-plan-sidebar.tsx(213,14): error TS2741: Property 'onClick' is missing in type '{ children: Element; label: string; payload: { category: string; type: string; width: number; height: number; }; }' but required in type '{ label?: string | undefined; payload: object; onClick: () => void; children: ReactNode; }'.
components/restaurant/floor-plan-sidebar.tsx(216,14): error TS2741: Property 'onClick' is missing in type '{ children: Element; label: string; payload: { category: string; type: string; width: number; height: number; }; }' but required in type '{ label?: string | undefined; payload: object; onClick: () => void; children: ReactNode; }'.
components/restaurant/floor-plan-sidebar.tsx(219,14): error TS2741: Property 'onClick' is missing in type '{ children: Element; label: string; payload: { category: string; type: string; width: number; height: number; }; }' but required in type '{ label?: string | undefined; payload: object; onClick: () => void; children: ReactNode; }'.
lib/hooks/use-country-code.ts(54,27): error TS2345: Argument of type '(prev: { code: string; country: string; name: string; flag: string; placeholder: string; }[]) => ({ code: string; country: string; name: string; flag: string; placeholder: string; } | { code: string; country: string; flag: string; })[]' is not assignable to parameter of type 'SetStateAction<{ code: string; country: string; name: string; flag: string; placeholder: string; }[]>'.
  Type '(prev: { code: string; country: string; name: string; flag: string; placeholder: string; }[]) => ({ code: string; country: string; name: string; flag: string; placeholder: string; } | { code: string; country: string; flag: string; })[]' is not assignable to type '(prevState: { code: string; country: string; name: string; flag: string; placeholder: string; }[]) => { code: string; country: string; name: string; flag: string; placeholder: string; }[]'.
    Type '({ code: string; country: string; name: string; flag: string; placeholder: string; } | { code: string; country: string; flag: string; })[]' is not assignable to type '{ code: string; country: string; name: string; flag: string; placeholder: string; }[]'.
      Type '{ code: string; country: string; name: string; flag: string; placeholder: string; } | { code: string; country: string; flag: string; }' is not assignable to type '{ code: string; country: string; name: string; flag: string; placeholder: string; }'.
        Type '{ code: string; country: string; flag: string; }' is missing the following properties from type '{ code: string; country: string; name: string; flag: string; placeholder: string; }': name, placeholder
lib/i18n/locales.ts(237,9): error TS1117: An object literal cannot have multiple properties with the same name.
lib/i18n/locales.ts(998,9): error TS1117: An object literal cannot have multiple properties with the same name.
lib/i18n/locales.ts(1759,9): error TS1117: An object literal cannot have multiple properties with the same name.
